[INFO] Scanning for projects...
[INFO] 
[INFO] -------------------< com.certicamara:config-server >--------------------
[INFO] Building Config Server 1.0.0
[INFO]   from pom.xml
[INFO] --------------------------------[ jar ]---------------------------------
[INFO] 
[INFO] >>> spring-boot:3.2.0:run (default-cli) > test-compile @ config-server >>>
[INFO] 
[INFO] --- resources:3.3.1:resources (default-resources) @ config-server ---
[INFO] Copying 1 resource from src\main\resources to target\classes
[INFO] Copying 0 resource from src\main\resources to target\classes
[INFO] 
[INFO] --- compiler:3.11.0:compile (default-compile) @ config-server ---
[INFO] Nothing to compile - all classes are up to date
[INFO] 
[INFO] --- resources:3.3.1:testResources (default-testResources) @ config-server ---
[INFO] skip non existing resourceDirectory C:\EMPRESA\MICROSERVICIOS\config-server\src\test\resources
[INFO] 
[INFO] --- compiler:3.11.0:testCompile (default-testCompile) @ config-server ---
[INFO] No sources to compile
[INFO] 
[INFO] <<< spring-boot:3.2.0:run (default-cli) < test-compile @ config-server <<<
[INFO] 
[INFO] 
[INFO] --- spring-boot:3.2.0:run (default-cli) @ config-server ---
[INFO] Attaching agents: []

  .   ____          _            __ _ _
 /\\ / ___'_ __ _ _(_)_ __  __ _ \ \ \ \
( ( )\___ | '_ | '_| | '_ \/ _` | \ \ \ \
 \\/  ___)| |_)| | | | | || (_| |  ) ) ) )
  '  |____| .__|_| |_|_| |_\__, | / / / /
 =========|_|==============|___/=/_/_/_/
 :: Spring Boot ::                (v3.2.0)

2026-02-02T16:34:22.757-05:00  INFO 18876 --- [config-server] [           main] c.c.config.ConfigServerApplication       : Starting ConfigServerApplication using Java 21.0.9 with PID 18876 (C:\EMPRESA\MICROSERVICIOS\config-server\target\classes started by aprendiz.producto in C:\EMPRESA\MICROSERVICIOS\config-server)
2026-02-02T16:34:22.762-05:00  INFO 18876 --- [config-server] [           main] c.c.config.ConfigServerApplication       : The following 1 profile is active: "native"
2026-02-02T16:34:24.420-05:00  INFO 18876 --- [config-server] [           main] o.s.cloud.context.scope.GenericScope     : BeanFactory id=fc3575ec-f25f-3ebd-bb34-5b19f79bc114
2026-02-02T16:34:24.960-05:00  INFO 18876 --- [config-server] [           main] o.s.b.w.embedded.tomcat.TomcatWebServer  : Tomcat initialized with port 8888 (http)
2026-02-02T16:34:24.978-05:00  INFO 18876 --- [config-server] [           main] o.apache.catalina.core.StandardService   : Starting service [Tomcat]
2026-02-02T16:34:24.978-05:00  INFO 18876 --- [config-server] [           main] o.apache.catalina.core.StandardEngine    : Starting Servlet engine: [Apache Tomcat/10.1.16]
2026-02-02T16:34:25.115-05:00  INFO 18876 --- [config-server] [           main] o.a.c.c.C.[Tomcat].[localhost].[/]       : Initializing Spring embedded WebApplicationContext
2026-02-02T16:34:25.115-05:00  INFO 18876 --- [config-server] [           main] w.s.c.ServletWebServerApplicationContext : Root WebApplicationContext: initialization completed in 2272 ms
2026-02-02T16:34:26.245-05:00  INFO 18876 --- [config-server] [           main] o.s.b.a.e.web.EndpointLinksResolver      : Exposing 4 endpoint(s) beneath base path '/actuator'
2026-02-02T16:34:26.429-05:00  INFO 18876 --- [config-server] [           main] o.s.b.w.embedded.tomcat.TomcatWebServer  : Tomcat started on port 8888 (http) with context path ''
2026-02-02T16:34:26.445-05:00  INFO 18876 --- [config-server] [           main] c.c.config.ConfigServerApplication       : Started ConfigServerApplication in 4.523 seconds (process running for 5.387)
^C